[17:33:46] corpus: 311 files to fetch (of 313)
[17:35:17]   30/311 90s
[17:36:47]   60/311 180s
[17:38:12]   90/311 265s
[17:39:34]   120/311 348s
[17:41:09]   150/311 443s
[17:42:35]   180/311 529s
[17:44:07]   210/311 621s
[17:45:41]   240/311 715s
[17:47:07]   270/311 801s
[17:48:31]   300/311 885s
[17:49:04] corpus done in 917s
[17:49:04] prepare_data...
[17:49:14]  line 1 column 1 (char 0)
skip D:/user/flypoet/data\poet.tang.6.json Expecting value: line 1 column 1 (char 0)
skip D:/user/flypoet/data\poet.tang.7.json Expecting value: line 1 column 1 (char 0)
skip D:/user/flypoet/data\poet.tang.8.json Expecting value: line 1 column 1 (char 0)
skip D:/user/flypoet/data\poet.tang.9.json Expecting value: line 1 column 1 (char 0)
skip D:/user/flypoet/data\poet.song.1.json Expecting value: line 1 column 1 (char 0)
skip D:/user/flypoet/data\poet.song.10.json Expecting value: line 1 column 1 (char 0)
skip D:/user/flypoet/data\poet.song.11.json Expecting value: line 1 column 1 (char 0)
skip D:/user/flypoet/data\poet.song.2.json Expecting value: line 1 column 1 (char 0)
skip D:/user/flypoet/data\poet.song.3.json Expecting value: line 1 column 1 (char 0)
skip D:/user/flypoet/data\poet.song.4.json Expecting value: line 1 column 1 (char 0)
skip D:/user/flypoet/data\poet.song.5.json Expecting value: line 1 column 1 (char 0)
skip D:/user/flypoet/data\poet.song.6.json Expecting value: line 1 column 1 (char 0)
skip D:/user/flypoet/data\poet.song.7.json Expecting value: line 1 column 1 (char 0)
skip D:/user/flypoet/data\poet.song.8.json Expecting value: line 1 column 1 (char 0)
skip D:/user/flypoet/data\poet.song.9.json Expecting value: line 1 column 1 (char 0)
docs total: 316258  (鲁迅 chunks: 623)
total chars: 24.3M
val docs: 9488 Counter({'shi': 9100, 'qu': 344, 'ci': 28, 'luxun': 16})
train tokens: 23.9M | val tokens: 0.74M | vocab: 8002

[17:49:14] train arm=std start
[18:10:27] train std exit=0
 'tps': 19660, 'gn': 1.208}
{'step': 3450, 'loss': 5.5434, 'tps': 19659, 'gn': 1.278}
{'step': 3500, 'loss': 5.3929, 'tps': 19659, 'gn': 1.014}
{'step': 3550, 'loss': 5.544, 'tps': 19660, 'gn': 1.086}
{'step': 3600, 'loss': 5.4545, 'tps': 19662, 'gn': 1.013}
{'step': 3650, 'loss': 5.5975, 'tps': 19659, 'gn': 1.191}
{'step': 3700, 'loss': 5.4641, 'tps': 19659, 'gn': 0.924}
{'step': 3750, 'loss': 5.4742, 'tps': 19647, 'gn': 1.051}
{'step': 3800, 'loss': 5.4113, 'tps': 19637, 'gn': 1.094}
{'step': 3850, 'loss': 5.4747, 'tps': 19618, 'gn': 1.095}
{'step': 3900, 'loss': 5.4772, 'tps': 19604, 'gn': 1.013}
{'step': 3950, 'loss': 5.4553, 'tps': 19585, 'gn': 0.93}
{'step': 4000, 'loss': 5.2844, 'tps': 19582, 'gn': 0.961}
    val=5.3896 | 苑空去年香<pad>，深夫夫。百無上有薪夫開用宮意来上下有百春壺且破下亦然春中無来金心聞陸漢竇最柳鳴望無難心芽春開<pa

[18:10:27] train arm=fly start
[18:33:18] train fly exit=0
, 'tps': 17931, 'gn': 0.871}
{'step': 3450, 'loss': 6.0084, 'tps': 17947, 'gn': 0.966}
{'step': 3500, 'loss': 5.8857, 'tps': 17956, 'gn': 1.076}
{'step': 3550, 'loss': 6.0244, 'tps': 17958, 'gn': 1.0}
{'step': 3600, 'loss': 5.9481, 'tps': 17968, 'gn': 0.863}
{'step': 3650, 'loss': 6.0514, 'tps': 17977, 'gn': 1.03}
{'step': 3700, 'loss': 5.9378, 'tps': 17984, 'gn': 0.905}
{'step': 3750, 'loss': 5.9661, 'tps': 17993, 'gn': 1.008}
{'step': 3800, 'loss': 5.8607, 'tps': 18001, 'gn': 0.839}
{'step': 3850, 'loss': 5.9248, 'tps': 18005, 'gn': 0.934}
{'step': 3900, 'loss': 5.9349, 'tps': 18011, 'gn': 0.843}
{'step': 3950, 'loss': 5.9144, 'tps': 18016, 'gn': 0.771}
{'step': 4000, 'loss': 5.7906, 'tps': 18024, 'gn': 0.773}
    val=5.8871 | 苑空去年香雜设事辛相百見食作薪<pad>，用春意舊塞越。》臣聲自且幸波鄉於老畫名性香风聞陸弃縷最村蠟至望燋難寫枝壁寒枝片

[18:33:18] PIPELINE DONE
